



                           										              [o]
                           										     (Pressure-Sensitive Floor)
                           										               |
                           										               |
                           										              [o]-------------[o]
                           										     (Securtiy Checkpoint)  (Stables)
																       |
																       |
																       |
     (Holodeck)															       |
         [o]--------[o]    										     [o]                       |
                 Navigation										 (Hot Choc. Fount.)            |
                     |     										      |                        |
                     |     										     [o]-----------[o]         |
                     |     										 (Engineering)  (Passages)     |
                    [o]----------------[o]								      |             |          |
                 Hull Breach    (Crew Quarters)								     [o]            |         [o]
                     |     		|								  (Corridor)        |      (Hallway)
                     |     	       [o]								      |             |          |
                     |     	(Warp Drive Maintenance)						     [o]            |          |
                     |     										   (Arcade)         |          |
                     |     										                    |          |
                    [o]----------------------------------------------------------------------------------------------------[o]--------[o]
                   (Kitchen)     									                (Storage)  (Science Lab)
                     |           									                               |
                     |           									                               |
        (Sick Bay)   |           									                               |
          [o]-------[o]          									                              [o]
                 (Observatory)   									                      (Gift Wrapping Center)



Items:
---

Navigation		= ** giant electromagnet
Holodeck		= ** photons
Crew Quarters		= manifold
Warp Drive Maintenance	= whirled peas
Kitchen			= space heater
Observatory		= dark matter
Sick Bay		= ** escape pod
Science Lab		= bowl of rice
Hallway			= klein bottle
Stables			= spool of cat6
Passages		= ** molten lava
Hot Choc. Fount.	= ** infinite loop
Corridor		= antenna
